2026-09-18 10:01:28,563 - INFO - Login credentials retrieved from config file
2026-09-18 10:01:33,569 - INFO - OrangeHRM application opened
2026-09-18 10:01:36,665 - INFO - Login successful
2026-09-18 10:01:36,665 - INFO - Dashboard displayed successfully
2026-09-18 10:01:42,434 - INFO - PIM page opened successfully
2026-09-18 10:02:30,698 - INFO - Login credentials retrieved from config file
2026-09-18 10:02:33,931 - INFO - OrangeHRM application opened
2026-09-18 10:02:37,963 - INFO - Login successful
2026-09-18 10:02:37,963 - INFO - Dashboard displayed successfully
2026-09-18 10:02:43,770 - INFO - PIM page opened successfully
2026-09-18 10:02:46,781 - INFO - Employee data read from Excel. Total employees: 5
2026-09-18 10:02:47,577 - INFO - Add Employee page opened successfully
2026-09-18 10:02:54,162 - INFO - Employee Created Successfully
2026-09-18 10:02:56,940 - INFO - Add Employee page opened successfully
2026-09-18 10:03:03,457 - INFO - Employee Created Successfully
2026-09-18 10:03:06,246 - INFO - Add Employee page opened successfully
2026-09-18 10:03:12,747 - INFO - Employee Created Successfully
2026-09-18 10:03:15,618 - INFO - Add Employee page opened successfully
2026-09-18 10:03:22,128 - INFO - Employee Created Successfully
2026-09-18 10:03:24,908 - INFO - Add Employee page opened successfully
2026-09-18 10:03:31,508 - INFO - Employee Created Successfully
2026-09-18 10:15:08,874 - INFO - Login credentials retrieved from config file
2026-09-18 10:15:12,267 - INFO - OrangeHRM application opened
2026-09-18 10:15:15,348 - INFO - Login successful
2026-09-18 10:15:15,349 - INFO - Dashboard displayed successfully
2026-09-18 10:15:21,212 - INFO - PIM page opened successfully
2026-09-18 10:15:24,231 - INFO - Employee data read from Excel. Total employees: 5
2026-09-18 10:15:25,064 - INFO - Add Employee page opened successfully
2026-09-18 10:15:57,129 - INFO - Employee Created Successfully
2026-09-18 10:15:59,893 - INFO - Add Employee page opened successfully
2026-09-18 10:16:18,775 - INFO - Employee Created Successfully
2026-09-18 10:17:48,528 - INFO - Login credentials retrieved from config file
2026-09-18 10:17:51,448 - INFO - OrangeHRM application opened
2026-09-18 10:17:54,552 - INFO - Login successful
2026-09-18 10:17:54,552 - INFO - Dashboard displayed successfully
2026-09-18 10:18:00,293 - INFO - PIM page opened successfully
2026-09-18 10:18:03,304 - INFO - Employee data read from Excel. Total employees: 5
2026-09-18 10:18:04,092 - INFO - Add Employee page opened successfully
2026-09-18 10:18:36,204 - INFO - Employee Created Successfully
2026-09-18 10:18:39,574 - INFO - Add Employee page opened successfully
2026-09-18 10:19:11,293 - INFO - Employee Created Successfully
2026-09-18 10:19:14,032 - INFO - Add Employee page opened successfully
2026-09-18 10:19:20,535 - INFO - Employee Created Successfully
2026-09-18 10:19:23,303 - INFO - Add Employee page opened successfully
2026-09-18 10:19:30,845 - INFO - Employee Created Successfully
2026-09-18 10:19:34,267 - INFO - Add Employee page opened successfully
2026-09-18 10:19:40,465 - INFO - Employee Created Successfully
2026-09-18 10:23:43,418 - INFO - Login credentials retrieved from config file
2026-09-18 10:23:46,753 - INFO - OrangeHRM application opened
2026-09-18 10:23:49,867 - INFO - Login successful
2026-09-18 10:23:49,867 - INFO - Dashboard displayed successfully
2026-09-18 10:23:55,662 - INFO - PIM page opened successfully
2026-09-18 10:23:58,685 - INFO - Employee data read from Excel. Total employees: 5
2026-09-18 10:23:59,451 - INFO - Add Employee page opened successfully
2026-09-18 10:24:05,898 - INFO - Employee Created Successfully
2026-09-18 10:25:25,704 - INFO - Login credentials retrieved from config file
2026-09-18 10:25:29,004 - INFO - OrangeHRM application opened
2026-09-18 10:25:32,091 - INFO - Login successful
2026-09-18 10:25:32,091 - INFO - Dashboard displayed successfully
2026-09-18 10:25:37,859 - INFO - PIM page opened successfully
2026-09-18 10:25:40,871 - INFO - Employee data read from Excel. Total employees: 5
2026-09-18 10:25:41,653 - INFO - Add Employee page opened successfully
2026-09-18 10:25:49,094 - INFO - Employee Created Successfully
2026-09-18 10:25:51,864 - INFO - Add Employee page opened successfully
2026-09-18 10:25:58,290 - INFO - Employee Created Successfully
2026-09-18 10:26:01,569 - INFO - Add Employee page opened successfully
2026-09-18 10:26:07,707 - INFO - Employee Created Successfully
2026-09-18 10:26:10,466 - INFO - Add Employee page opened successfully
2026-09-18 10:26:17,031 - INFO - Employee Created Successfully
2026-09-18 10:26:20,827 - INFO - Add Employee page opened successfully
2026-09-18 10:26:27,260 - INFO - Employee Created Successfully
2026-09-18 11:18:06,802 - INFO - Login credentials retrieved from config file
2026-09-18 11:18:12,950 - INFO - OrangeHRM application opened
2026-09-18 11:18:17,111 - INFO - Login successful
2026-09-18 11:18:17,112 - INFO - Dashboard displayed successfully
2026-09-18 11:18:22,856 - INFO - PIM page opened successfully
2026-09-18 11:18:25,893 - INFO - Employee data read from Excel. Total employees: 5
2026-09-18 11:18:26,649 - INFO - Add Employee page opened successfully
2026-09-18 11:18:32,732 - INFO - Employee Created Successfully
2026-09-18 11:39:26,245 - INFO - Login credentials retrieved from config file
2026-09-18 11:39:30,494 - INFO - OrangeHRM application opened
2026-09-18 11:39:37,689 - INFO - Login successful
2026-09-18 11:39:37,689 - INFO - Dashboard displayed successfully
2026-09-18 11:39:48,294 - INFO - PIM page opened successfully
2026-09-18 11:39:51,318 - INFO - Employee data read from Excel. Total employees: 5
2026-09-18 11:39:59,129 - INFO - Add Employee page opened successfully
2026-09-18 11:40:32,250 - INFO - Employee Created Successfully
2026-09-18 11:40:35,030 - INFO - Add Employee page opened successfully
2026-09-18 11:40:42,084 - INFO - Employee Created Successfully
2026-09-18 11:40:45,395 - INFO - Add Employee page opened successfully
2026-09-18 11:40:49,965 - INFO - Employee Created Successfully
2026-09-18 11:56:58,391 - INFO - Login credentials retrieved from config file
2026-09-18 11:57:02,026 - INFO - OrangeHRM application opened
2026-09-18 11:57:05,110 - INFO - Login successful
2026-09-18 11:57:05,110 - INFO - Dashboard displayed successfully
2026-09-18 11:57:10,883 - INFO - PIM page opened successfully
2026-09-18 11:57:13,903 - INFO - Employee data read from Excel. Total employees: 5
2026-09-18 11:57:15,234 - INFO - Add Employee page opened successfully
2026-09-18 11:57:46,921 - INFO - Employee Created Successfully
2026-09-18 11:57:49,706 - INFO - Add Employee page opened successfully
2026-09-18 11:58:21,793 - INFO - Employee Created Successfully
2026-09-18 11:58:24,593 - INFO - Add Employee page opened successfully
2026-09-18 11:58:57,166 - INFO - Employee Created Successfully
2026-09-18 11:59:01,095 - INFO - Add Employee page opened successfully
2026-09-18 11:59:34,248 - INFO - Employee Created Successfully
2026-09-18 11:59:37,692 - INFO - Add Employee page opened successfully
2026-09-18 11:59:44,159 - INFO - Employee Created Successfully
2026-09-18 12:07:53,161 - INFO - Login credentials retrieved from config file
2026-09-18 12:07:56,599 - INFO - OrangeHRM application opened
2026-09-18 12:07:59,698 - INFO - Login successful
2026-09-18 12:07:59,698 - INFO - Dashboard displayed successfully
2026-09-18 12:08:05,617 - INFO - PIM page opened successfully
2026-09-18 12:08:08,631 - INFO - Employee data read from Excel. Total employees: 5
2026-09-18 12:08:09,416 - INFO - Add Employee page opened successfully
2026-09-18 12:08:16,249 - INFO - Employee Created Successfully
2026-09-18 12:10:24,402 - INFO - Login credentials retrieved from config file
2026-09-18 12:10:28,705 - INFO - OrangeHRM application opened
2026-09-18 12:10:33,042 - INFO - Login successful
2026-09-18 12:10:33,042 - INFO - Dashboard displayed successfully
2026-09-18 12:10:38,833 - INFO - PIM page opened successfully
2026-09-18 12:10:41,852 - INFO - Employee data read from Excel. Total employees: 5
2026-09-18 12:10:42,648 - INFO - Add Employee page opened successfully
2026-09-18 12:10:51,846 - INFO - Employee Created Successfully
2026-09-18 12:10:54,720 - INFO - Add Employee page opened successfully
2026-09-18 12:11:33,515 - INFO - Employee Created Successfully
2026-09-18 12:11:36,352 - INFO - Add Employee page opened successfully
2026-09-18 12:11:44,537 - INFO - Employee Created Successfully
2026-09-18 12:11:47,824 - INFO - Add Employee page opened successfully
2026-09-18 12:12:25,707 - INFO - Employee Created Successfully
2026-09-18 12:12:29,186 - INFO - Add Employee page opened successfully
2026-09-18 12:12:37,366 - INFO - Employee Created Successfully
2026-09-18 12:18:48,400 - INFO - Login credentials retrieved from config file
2026-09-18 12:18:53,401 - INFO - OrangeHRM application opened
2026-09-18 12:19:02,376 - INFO - Login successful
2026-09-18 12:19:02,376 - INFO - Dashboard displayed successfully
2026-09-18 12:19:13,950 - INFO - PIM page opened successfully
2026-09-18 12:19:16,970 - INFO - Employee data read from Excel. Total employees: 5
2026-09-18 12:19:20,052 - INFO - Add Employee page opened successfully
2026-09-18 12:20:09,951 - INFO - Employee Created Successfully
2026-09-18 12:20:13,226 - INFO - Add Employee page opened successfully
2026-09-18 12:20:52,624 - INFO - Employee Created Successfully
2026-09-18 12:20:55,478 - INFO - Add Employee page opened successfully
2026-09-18 12:21:34,447 - INFO - Employee Created Successfully
2026-09-18 12:21:37,788 - INFO - Add Employee page opened successfully
2026-09-18 12:22:16,930 - INFO - Employee Created Successfully
2026-09-18 12:22:20,281 - INFO - Add Employee page opened successfully
2026-09-18 12:23:01,855 - INFO - Employee Created Successfully
2026-09-18 12:31:11,804 - INFO - Login credentials retrieved from config file
2026-09-18 12:31:15,745 - INFO - OrangeHRM application opened
2026-09-18 12:31:19,845 - INFO - Login successful
2026-09-18 12:31:19,845 - INFO - Dashboard displayed successfully
2026-09-18 12:31:25,618 - INFO - PIM page opened successfully
2026-09-18 12:31:28,641 - INFO - Employee data read from Excel. Total employees: 5
2026-09-18 12:31:29,927 - INFO - Add Employee page opened successfully
2026-09-18 12:32:09,303 - INFO - Employee Created Successfully
2026-09-18 12:32:12,776 - INFO - Add Employee page opened successfully
2026-09-18 12:32:50,769 - INFO - Employee Created Successfully
2026-09-18 12:32:53,717 - INFO - Add Employee page opened successfully
2026-09-18 12:33:31,348 - INFO - Employee Created Successfully
2026-09-18 12:33:34,113 - INFO - Add Employee page opened successfully
2026-09-18 12:34:11,893 - INFO - Employee Created Successfully
2026-09-18 12:34:14,693 - INFO - Add Employee page opened successfully
2026-09-18 12:34:52,815 - INFO - Employee Created Successfully
2026-09-18 12:38:02,078 - INFO - Login credentials retrieved from config file
2026-09-18 12:38:05,668 - INFO - OrangeHRM application opened
2026-09-18 12:38:08,757 - INFO - Login successful
2026-09-18 12:38:08,757 - INFO - Dashboard displayed successfully
2026-09-18 12:38:14,577 - INFO - PIM page opened successfully
2026-09-18 12:38:17,598 - INFO - Employee data read from Excel. Total employees: 5
2026-09-18 12:38:18,402 - INFO - Add Employee page opened successfully
2026-09-18 12:38:56,666 - INFO - Employee Created Successfully
2026-09-18 12:39:01,486 - INFO - Add Employee page opened successfully
2026-09-18 12:39:43,954 - INFO - Employee Created Successfully
2026-09-18 12:39:46,762 - INFO - Add Employee page opened successfully
2026-09-18 12:40:26,143 - INFO - Employee Created Successfully
2026-09-18 12:40:29,005 - INFO - Add Employee page opened successfully
2026-09-18 12:41:08,314 - INFO - Employee Created Successfully
2026-09-18 12:41:11,588 - INFO - Add Employee page opened successfully
2026-09-18 12:41:50,470 - INFO - Employee Created Successfully
2026-09-18 12:44:59,660 - INFO - Login credentials retrieved from config file
2026-09-18 12:45:03,636 - INFO - OrangeHRM application opened
2026-09-18 12:45:07,699 - INFO - Login successful
2026-09-18 12:45:07,700 - INFO - Dashboard displayed successfully
2026-09-18 12:45:13,684 - INFO - PIM page opened successfully
2026-09-18 12:45:16,706 - INFO - Employee data read from Excel. Total employees: 5
2026-09-18 12:45:17,495 - INFO - Add Employee page opened successfully
2026-09-18 12:45:26,603 - INFO - Employee Personal details filled successfully
2026-09-18 12:45:26,634 - INFO - Employee Created Successfully
2026-09-18 12:45:29,404 - INFO - Add Employee page opened successfully
2026-09-18 12:45:37,542 - INFO - Employee Personal details filled successfully
2026-09-18 12:45:37,571 - INFO - Employee Created Successfully
2026-09-18 12:45:40,587 - INFO - Add Employee page opened successfully
2026-09-18 12:45:48,206 - INFO - Employee Created Successfully
2026-09-18 12:45:51,481 - INFO - Add Employee page opened successfully
2026-09-18 12:46:00,033 - INFO - Employee Personal details filled successfully
2026-09-18 12:46:00,062 - INFO - Employee Created Successfully
2026-09-18 12:46:02,852 - INFO - Add Employee page opened successfully
2026-09-18 12:46:10,592 - INFO - Employee Personal details filled successfully
2026-09-18 12:46:10,609 - INFO - Employee Created Successfully
2026-09-18 12:55:17,367 - INFO - Login credentials retrieved from config file
2026-09-18 12:55:20,711 - INFO - OrangeHRM application opened
2026-09-18 13:03:44,011 - INFO - Login credentials retrieved from config file
2026-09-18 13:03:47,418 - INFO - OrangeHRM application opened
2026-09-18 13:51:51,056 - INFO - Login credentials retrieved from config file
2026-09-18 13:51:55,255 - INFO - OrangeHRM application opened
2026-09-18 13:51:59,423 - INFO - Login successful
2026-09-18 13:51:59,424 - INFO - Dashboard displayed successfully
2026-09-18 13:52:05,315 - INFO - PIM page opened successfully
2026-09-18 13:52:08,339 - INFO - Employee data read from Excel. Total employees: 5
2026-09-18 13:52:09,124 - INFO - Add Employee page opened successfully
2026-09-18 13:52:18,703 - INFO - Employee Created Successfully
2026-09-18 13:52:21,544 - INFO - Add Employee page opened successfully
2026-09-18 13:52:30,403 - INFO - Employee Created Successfully
2026-09-18 13:52:33,695 - INFO - Add Employee page opened successfully
2026-09-18 13:52:42,615 - INFO - Employee Created Successfully
2026-09-18 13:52:45,424 - INFO - Add Employee page opened successfully
2026-09-18 13:52:53,497 - INFO - Employee Created Successfully
2026-09-18 13:52:56,765 - INFO - Add Employee page opened successfully
2026-09-18 13:53:04,036 - INFO - Employee Created Successfully
2026-09-18 13:58:16,678 - INFO - Login credentials retrieved from config file
2026-09-18 13:58:19,969 - INFO - OrangeHRM application opened
2026-09-18 13:58:23,060 - INFO - Login successful
2026-09-18 13:58:23,060 - INFO - Dashboard displayed successfully
2026-09-18 13:58:28,834 - INFO - PIM page opened successfully
2026-09-18 13:58:31,853 - INFO - Employee data read from Excel. Total employees: 5
2026-09-18 13:58:33,092 - INFO - Add Employee page opened successfully
2026-09-18 13:58:58,452 - INFO - Employee Created Successfully
2026-09-18 14:00:39,523 - INFO - Login credentials retrieved from config file
2026-09-18 14:00:43,668 - INFO - OrangeHRM application opened
2026-09-18 14:00:46,767 - INFO - Login successful
2026-09-18 14:00:46,767 - INFO - Dashboard displayed successfully
2026-09-18 14:00:52,623 - INFO - PIM page opened successfully
2026-09-18 14:00:55,640 - INFO - Employee data read from Excel. Total employees: 5
2026-09-18 14:00:56,404 - INFO - Add Employee page opened successfully
2026-09-18 14:01:04,236 - INFO - Employee Personal details filled successfully
2026-09-18 14:01:04,260 - INFO - Employee Created Successfully
2026-09-18 14:01:07,088 - INFO - Add Employee page opened successfully
2026-09-18 14:01:15,441 - INFO - Employee Personal details filled successfully
2026-09-18 14:01:15,459 - INFO - Employee Created Successfully
2026-09-18 14:01:18,290 - INFO - Add Employee page opened successfully
2026-09-18 14:01:26,099 - INFO - Employee Created Successfully
2026-09-18 14:01:29,369 - INFO - Add Employee page opened successfully
2026-09-18 14:01:36,743 - INFO - Employee Personal details filled successfully
2026-09-18 14:01:36,759 - INFO - Employee Created Successfully
2026-09-18 14:01:40,051 - INFO - Add Employee page opened successfully
2026-09-18 14:01:47,425 - INFO - Employee Personal details filled successfully
2026-09-18 14:01:47,443 - INFO - Employee Created Successfully
2026-09-18 14:06:35,471 - INFO - Login credentials retrieved from config file
2026-09-18 14:06:39,277 - INFO - OrangeHRM application opened
2026-09-18 14:07:18,882 - INFO - Login credentials retrieved from config file
2026-09-18 14:07:22,535 - INFO - OrangeHRM application opened
2026-09-18 14:07:25,634 - INFO - Login successful
2026-09-18 14:07:25,634 - INFO - Dashboard displayed successfully
2026-09-18 14:07:31,557 - INFO - PIM page opened successfully
2026-09-18 14:07:34,577 - INFO - Employee data read from Excel. Total employees: 5
2026-09-18 14:07:35,366 - INFO - Add Employee page opened successfully
2026-09-18 14:07:43,196 - INFO - Employee Personal details filled successfully
2026-09-18 14:07:44,285 - INFO - Employee Created Successfully
2026-09-18 14:07:47,081 - INFO - Add Employee page opened successfully
2026-09-18 14:07:55,404 - INFO - Employee Personal details filled successfully
2026-09-18 14:07:56,517 - INFO - Employee Created Successfully
2026-09-18 14:07:59,342 - INFO - Add Employee page opened successfully
2026-09-18 14:08:07,143 - INFO - Employee Created Successfully
2026-09-18 14:08:09,946 - INFO - Add Employee page opened successfully
2026-09-18 14:08:17,691 - INFO - Employee Personal details filled successfully
2026-09-18 14:08:18,803 - INFO - Employee Created Successfully
2026-09-18 14:08:21,608 - INFO - Add Employee page opened successfully
2026-09-18 14:08:29,935 - INFO - Employee Personal details filled successfully
2026-09-18 14:08:31,049 - INFO - Employee Created Successfully
2026-09-18 14:17:38,498 - INFO - Login credentials retrieved from config file
2026-09-18 14:17:42,483 - INFO - OrangeHRM application opened
2026-09-18 14:17:46,547 - INFO - Login successful
2026-09-18 14:17:46,548 - INFO - Dashboard displayed successfully
2026-09-18 14:17:52,296 - INFO - PIM page opened successfully
2026-09-18 14:17:55,319 - INFO - Employee data read from Excel. Total employees: 5
2026-09-18 14:17:56,081 - INFO - Add Employee page opened successfully
2026-09-18 14:18:28,153 - INFO - Employee Created Successfully
2026-09-18 14:18:30,928 - INFO - Add Employee page opened successfully
2026-09-18 14:19:02,873 - INFO - Employee Created Successfully
2026-09-18 14:19:06,582 - INFO - Add Employee page opened successfully
2026-09-18 14:19:39,156 - INFO - Employee Created Successfully
2026-09-18 14:19:42,542 - INFO - Add Employee page opened successfully
2026-09-18 14:20:15,157 - INFO - Employee Created Successfully
2026-09-18 14:20:18,258 - INFO - Add Employee page opened successfully
2026-09-18 14:20:50,253 - INFO - Employee Created Successfully
2026-09-18 14:22:45,607 - INFO - Login credentials retrieved from config file
2026-09-18 14:22:48,917 - INFO - OrangeHRM application opened
2026-09-18 14:22:52,012 - INFO - Login successful
2026-09-18 14:22:52,013 - INFO - Dashboard displayed successfully
2026-09-18 14:22:57,866 - INFO - PIM page opened successfully
2026-09-18 14:23:00,883 - INFO - Employee data read from Excel. Total employees: 5
2026-09-18 14:23:01,691 - INFO - Add Employee page opened successfully
2026-09-18 14:23:09,400 - INFO - Employee Personal details filled successfully
2026-09-18 14:23:10,489 - INFO - Employee Created Successfully
2026-09-18 14:23:13,289 - INFO - Add Employee page opened successfully
2026-09-18 14:23:22,791 - INFO - Employee Personal details filled successfully
2026-09-18 14:23:23,881 - INFO - Employee Created Successfully
2026-09-18 14:23:26,665 - INFO - Add Employee page opened successfully
2026-09-18 14:23:34,401 - INFO - Employee Created Successfully
2026-09-18 14:23:37,187 - INFO - Add Employee page opened successfully
2026-09-18 14:23:45,387 - INFO - Employee Personal details filled successfully
2026-09-18 14:23:46,463 - INFO - Employee Created Successfully
2026-09-18 14:23:49,218 - INFO - Add Employee page opened successfully
2026-09-18 14:23:57,457 - INFO - Employee Personal details filled successfully
2026-09-18 14:23:58,534 - INFO - Employee Created Successfully
2026-09-18 14:30:39,706 - INFO - Login credentials retrieved from config file
2026-09-18 14:30:44,406 - INFO - OrangeHRM application opened
2026-09-18 14:30:48,445 - INFO - Login successful
2026-09-18 14:30:48,445 - INFO - Dashboard displayed successfully
2026-09-18 14:30:54,200 - INFO - PIM page opened successfully
2026-09-18 14:30:57,221 - INFO - Employee data read from Excel. Total employees: 5
2026-09-18 14:30:58,829 - INFO - Add Employee page opened successfully
2026-09-18 14:31:06,815 - INFO - Employee Personal details filled successfully
2026-09-18 14:31:06,854 - INFO - Employee Created Successfully
2026-09-18 14:31:09,610 - INFO - Add Employee page opened successfully
2026-09-18 14:31:17,391 - INFO - Employee Personal details filled successfully
2026-09-18 14:31:17,433 - INFO - Employee Created Successfully
2026-09-18 14:31:20,251 - INFO - Add Employee page opened successfully
2026-09-18 14:31:29,225 - INFO - Employee Created Successfully
2026-09-18 14:31:32,017 - INFO - Add Employee page opened successfully
2026-09-18 14:31:40,362 - INFO - Employee Personal details filled successfully
2026-09-18 14:31:40,402 - INFO - Employee Created Successfully
2026-09-18 14:31:43,190 - INFO - Add Employee page opened successfully
2026-09-18 14:31:51,350 - INFO - Employee Personal details filled successfully
2026-09-18 14:31:51,391 - INFO - Employee Created Successfully
2026-09-18 14:43:18,343 - INFO - Login credentials retrieved from config file
2026-09-18 14:43:21,866 - INFO - OrangeHRM application opened
2026-09-18 14:43:24,966 - INFO - Login successful
2026-09-18 14:43:24,966 - INFO - Dashboard displayed successfully
2026-09-18 14:43:30,729 - INFO - PIM page opened successfully
2026-09-18 14:43:33,742 - INFO - Employee data read from Excel. Total employees: 5
2026-09-18 14:43:34,503 - INFO - Add Employee page opened successfully
2026-09-18 14:43:42,945 - INFO - Employee Personal details filled successfully
2026-09-18 14:44:13,002 - INFO - Employee Created Successfully
2026-09-18 14:44:15,764 - INFO - Add Employee page opened successfully
2026-09-18 14:44:25,215 - INFO - Employee Personal details filled successfully
2026-09-18 14:44:55,279 - INFO - Employee Created Successfully
2026-09-18 14:44:58,038 - INFO - Add Employee page opened successfully
2026-09-18 14:45:05,887 - INFO - Employee Created Successfully
2026-09-18 14:45:08,660 - INFO - Add Employee page opened successfully
2026-09-18 14:45:17,845 - INFO - Employee Personal details filled successfully
2026-09-18 14:45:47,903 - INFO - Employee Created Successfully
2026-09-18 14:45:50,644 - INFO - Add Employee page opened successfully
2026-09-18 14:45:58,832 - INFO - Employee Personal details filled successfully
2026-09-18 14:46:28,888 - INFO - Employee Created Successfully
2026-09-18 14:59:03,776 - INFO - Login credentials retrieved from config file
2026-09-18 15:01:19,839 - INFO - Login credentials retrieved from config file
2026-09-18 15:05:36,323 - INFO - Login credentials retrieved from config file
2026-09-18 15:07:27,056 - INFO - Login credentials retrieved from config file
2026-09-18 15:08:53,298 - INFO - Login credentials retrieved from config file
2026-09-18 15:10:01,305 - INFO - Login credentials retrieved from config file
2026-09-18 15:12:58,954 - INFO - Login credentials retrieved from config file
2026-09-18 15:14:52,781 - INFO - Login credentials retrieved from config file
2026-09-18 15:16:07,544 - INFO - Login credentials retrieved from config file
2026-09-18 15:19:06,169 - INFO - Login credentials retrieved from config file
2026-09-18 15:19:11,138 - INFO - OrangeHRM application opened
2026-09-18 15:19:23,619 - INFO - Login successful
2026-09-18 15:19:23,620 - INFO - Dashboard displayed successfully
2026-09-18 15:19:31,602 - INFO - PIM page opened successfully
2026-09-18 15:19:34,624 - INFO - Employee data read from Excel. Total employees: 5
2026-09-18 15:19:36,074 - INFO - Add Employee page opened successfully
2026-09-18 15:19:45,133 - INFO - Employee Personal details filled successfully
2026-09-18 15:20:16,245 - INFO - Employee Created Successfully
2026-09-18 15:20:19,050 - INFO - Add Employee page opened successfully
2026-09-18 15:20:28,056 - INFO - Employee Personal details filled successfully
2026-09-18 15:20:59,154 - INFO - Employee Created Successfully
2026-09-18 15:21:01,985 - INFO - Add Employee page opened successfully
2026-09-18 15:21:11,414 - INFO - Employee Created Successfully
2026-09-18 15:21:14,417 - INFO - Add Employee page opened successfully
2026-09-18 15:21:23,491 - INFO - Employee Personal details filled successfully
2026-09-18 15:21:54,592 - INFO - Employee Created Successfully
2026-09-18 15:21:57,509 - INFO - Add Employee page opened successfully
2026-09-18 15:22:06,381 - INFO - Employee Personal details filled successfully
2026-09-18 15:22:37,499 - INFO - Employee Created Successfully
2026-09-18 15:29:31,320 - INFO - Login credentials retrieved from config file
2026-09-18 15:30:11,998 - INFO - Login credentials retrieved from config file
2026-09-18 15:30:52,009 - INFO - Login credentials retrieved from config file
2026-09-18 15:31:36,413 - INFO - Login credentials retrieved from config file
2026-09-18 15:32:15,151 - INFO - Login credentials retrieved from config file
2026-09-18 16:06:14,619 - INFO - Login credentials retrieved from config file
2026-09-18 16:07:07,118 - INFO - Login credentials retrieved from config file
2026-09-18 16:08:10,905 - INFO - Login credentials retrieved from config file
2026-09-18 16:09:18,847 - INFO - Login credentials retrieved from config file
2026-09-18 16:10:30,200 - INFO - Login credentials retrieved from config file
2026-09-18 16:10:35,240 - INFO - OrangeHRM application opened
2026-09-18 16:10:39,379 - INFO - Login successful
2026-09-18 16:10:39,379 - INFO - Dashboard displayed successfully
2026-09-18 16:10:45,138 - INFO - PIM page opened successfully
2026-09-18 16:10:48,157 - INFO - Employee data read from Excel. Total employees: 5
2026-09-18 16:10:48,994 - INFO - Add Employee page opened successfully
2026-09-18 16:10:58,016 - INFO - Employee Personal details filled successfully
2026-09-18 16:11:13,078 - INFO - Employee Created Successfully
2026-09-18 16:11:15,845 - INFO - Add Employee page opened successfully
2026-09-18 16:11:23,998 - INFO - Employee Personal details filled successfully
2026-09-18 16:11:39,058 - INFO - Employee Created Successfully
2026-09-18 16:11:42,394 - INFO - Add Employee page opened successfully
2026-09-18 16:11:50,977 - INFO - Employee Created Successfully
2026-09-18 16:11:53,760 - INFO - Add Employee page opened successfully
2026-09-18 16:12:05,333 - INFO - Employee Personal details filled successfully
2026-09-18 16:12:20,386 - INFO - Employee Created Successfully
2026-09-18 16:12:23,168 - INFO - Add Employee page opened successfully
2026-09-18 16:12:32,904 - INFO - Employee Personal details filled successfully
2026-09-18 16:12:47,982 - INFO - Employee Created Successfully
2026-09-18 16:16:12,451 - INFO - Login credentials retrieved from config file
2026-09-18 16:16:49,447 - INFO - Login credentials retrieved from config file
2026-09-18 16:17:27,144 - INFO - Login credentials retrieved from config file
2026-09-18 16:19:15,204 - INFO - Login credentials retrieved from config file
2026-09-18 16:20:55,437 - INFO - Login credentials retrieved from config file
2026-09-18 16:21:30,747 - INFO - Login credentials retrieved from config file
2026-09-18 16:22:59,583 - INFO - Login credentials retrieved from config file
2026-09-18 16:24:02,704 - INFO - Login credentials retrieved from config file
2026-09-18 16:24:51,289 - INFO - Login credentials retrieved from config file
2026-09-18 16:27:00,088 - INFO - Login credentials retrieved from config file
2026-09-18 16:27:04,202 - INFO - OrangeHRM application opened
2026-09-18 16:27:07,294 - INFO - Login successful
2026-09-18 16:27:07,294 - INFO - Dashboard displayed successfully
2026-09-18 16:27:13,620 - INFO - PIM page opened successfully
2026-09-18 16:27:16,644 - INFO - Employee data read from Excel. Total employees: 5
2026-09-18 16:27:18,099 - INFO - Add Employee page opened successfully
2026-09-18 16:27:26,429 - INFO - Employee Personal details filled successfully
2026-09-18 16:27:56,482 - INFO - Employee Created Successfully
2026-09-18 16:27:59,252 - INFO - Add Employee page opened successfully
2026-09-18 16:28:01,474 - INFO - Employee Created Successfully
2026-09-18 16:51:07,723 - INFO - Login credentials retrieved from config file
2026-09-18 17:11:41,362 - INFO - Login credentials retrieved from config file
2026-09-18 17:12:57,580 - INFO - Login credentials retrieved from config file
2026-09-18 17:14:48,736 - INFO - Login credentials retrieved from config file
2026-09-18 17:25:31,311 - INFO - Login credentials retrieved from config file
2026-09-21 09:48:21,316 - INFO - Login credentials retrieved from config file
2026-09-21 09:48:25,168 - INFO - OrangeHRM application opened
2026-09-21 09:48:29,941 - INFO - Login successful
2026-09-21 09:48:29,941 - INFO - Dashboard displayed successfully
2026-09-21 09:48:38,436 - INFO - PIM page opened successfully
2026-09-21 09:48:41,465 - INFO - Employee data read from Excel. Total employees: 5
2026-09-21 09:48:44,612 - INFO - Add Employee page opened successfully
2026-09-21 09:49:01,158 - INFO - Employee Personal details filled successfully
2026-09-21 09:49:11,244 - INFO - Employee Created Successfully
2026-09-21 09:49:17,313 - INFO - Add Employee page opened successfully
2026-09-21 09:49:33,212 - ERROR - Future exception was never retrieved
future: <Future finished exception=TargetClosedError('Target page, context or browser has been closed')>
playwright._impl._errors.TargetClosedError: Target page, context or browser has been closed
2026-09-21 09:54:57,936 - INFO - Login credentials retrieved from config file
2026-09-21 09:55:02,121 - INFO - OrangeHRM application opened
2026-09-21 09:55:05,219 - INFO - Login successful
2026-09-21 09:55:05,219 - INFO - Dashboard displayed successfully
2026-09-21 09:55:10,988 - INFO - PIM page opened successfully
2026-09-21 09:55:14,021 - INFO - Employee data read from Excel. Total employees: 5
2026-09-21 09:55:14,829 - INFO - Add Employee page opened successfully
2026-09-21 09:55:46,899 - INFO - Employee Created Successfully
2026-09-21 09:55:49,991 - INFO - Add Employee page opened successfully
2026-09-21 09:56:22,606 - INFO - Employee Created Successfully
2026-09-21 09:56:26,593 - INFO - Add Employee page opened successfully
2026-09-21 09:56:38,644 - INFO - Employee Created Successfully
2026-09-21 09:56:44,376 - INFO - Add Employee page opened successfully
2026-09-21 09:57:00,919 - INFO - Employee Personal details filled successfully
2026-09-21 09:57:01,164 - INFO - Employee created successfully: Emily Johnson
2026-09-21 09:57:01,164 - INFO - Employee Created Successfully
2026-09-21 09:57:04,841 - INFO - Add Employee page opened successfully
2026-09-21 09:57:14,828 - INFO - Employee Personal details filled successfully
2026-09-21 09:57:15,095 - INFO - Employee created successfully: James Martinez
2026-09-21 09:57:15,095 - INFO - Employee Created Successfully
2026-09-21 10:17:24,587 - INFO - Login credentials retrieved from config file
2026-09-21 10:17:28,501 - INFO - OrangeHRM application opened
2026-09-21 10:17:31,606 - INFO - Login successful
2026-09-21 10:17:31,606 - INFO - Dashboard displayed successfully
2026-09-21 10:17:37,361 - INFO - PIM page opened successfully
2026-09-21 10:17:40,381 - INFO - Employee data read from Excel. Total employees: 5
2026-09-21 10:18:10,401 - INFO - Add Employee page opened successfully
2026-09-21 10:18:10,434 - INFO - Employee Created Successfully
2026-09-21 10:18:32,758 - INFO - Add Employee page opened successfully
2026-09-21 10:18:32,886 - INFO - Employee Created Successfully
2026-09-21 10:19:23,121 - INFO - Login credentials retrieved from config file
2026-09-21 10:22:11,100 - INFO - Login credentials retrieved from config file
2026-09-21 10:52:36,628 - INFO - Login credentials retrieved from config file
2026-09-21 10:52:40,393 - INFO - OrangeHRM application opened
2026-09-21 10:52:44,677 - INFO - Login successful
2026-09-21 10:52:44,678 - INFO - Dashboard displayed successfully
2026-09-21 10:52:50,431 - INFO - PIM page opened successfully
2026-09-21 10:52:53,452 - INFO - Employee data read from Excel. Total employees: 5
2026-09-21 10:52:54,242 - INFO - Add Employee page opened successfully
2026-09-21 10:53:02,206 - INFO - Employee Personal details filled successfully
2026-09-21 10:53:02,415 - INFO - Employee created successfully: Michael Anderson
2026-09-21 10:53:02,415 - INFO - Employee Created Successfully
2026-09-21 10:53:05,684 - INFO - Add Employee page opened successfully
2026-09-21 10:53:14,540 - INFO - Employee Personal details filled successfully
2026-09-21 10:53:14,728 - INFO - Employee created successfully: Sophia Williams
2026-09-21 10:53:14,728 - INFO - Employee Created Successfully
2026-09-21 10:53:17,516 - INFO - Add Employee page opened successfully
2026-09-21 10:53:26,014 - INFO - Employee Created Successfully
2026-09-21 10:53:28,783 - INFO - Add Employee page opened successfully
2026-09-21 10:53:37,043 - INFO - Employee Personal details filled successfully
2026-09-21 10:53:37,241 - INFO - Employee created successfully: Emily Johnson
2026-09-21 10:53:37,241 - INFO - Employee Created Successfully
2026-09-21 10:53:40,412 - INFO - Add Employee page opened successfully
2026-09-21 10:53:49,446 - INFO - Employee Personal details filled successfully
2026-09-21 10:53:49,648 - INFO - Employee created successfully: James Martinez
2026-09-21 10:53:49,653 - INFO - Employee Created Successfully
2026-09-21 11:06:04,813 - INFO - Login credentials retrieved from config file
2026-09-21 11:06:08,124 - INFO - OrangeHRM application opened
2026-09-21 11:06:12,539 - INFO - Login successful
2026-09-21 11:06:12,539 - INFO - Dashboard displayed successfully
2026-09-21 11:06:18,580 - INFO - PIM page opened successfully
2026-09-21 11:06:21,598 - INFO - Employee data read from Excel. Total employees: 5
2026-09-21 11:06:23,017 - INFO - Add Employee page opened for Michael Anderson
2026-09-21 11:06:31,246 - INFO - Employee Personal details filled successfully
2026-09-21 11:06:31,457 - INFO - Employee created successfully: Michael Anderson
2026-09-21 11:07:05,755 - INFO - Login credentials retrieved from config file
2026-09-21 11:07:10,687 - INFO - OrangeHRM application opened
2026-09-21 11:07:13,783 - INFO - Login successful
2026-09-21 11:07:13,784 - INFO - Dashboard displayed successfully
2026-09-21 11:07:19,544 - INFO - PIM page opened successfully
2026-09-21 11:07:22,562 - INFO - Employee data read from Excel. Total employees: 5
2026-09-21 11:07:23,359 - INFO - Add Employee page opened for Michael Anderson
2026-09-21 11:07:31,693 - INFO - Employee Personal details filled successfully
2026-09-21 11:07:31,893 - INFO - Employee created successfully: Michael Anderson
2026-09-21 11:07:31,947 - INFO - Employee created successfully: Michael Anderson
2026-09-21 11:07:36,729 - INFO - Add Employee page opened for Sophia Williams
2026-09-21 11:07:44,857 - INFO - Employee Personal details filled successfully
2026-09-21 11:07:45,034 - INFO - Employee created successfully: Sophia Williams
2026-09-21 11:07:45,082 - INFO - Employee created successfully: Sophia Williams
2026-09-21 11:07:49,880 - INFO - Add Employee page opened for Daniel Thompson
2026-09-21 11:07:58,144 - ERROR - Employee creation failed: Daniel Thompson
2026-09-21 11:08:02,924 - INFO - Add Employee page opened for Emily Johnson
2026-09-21 11:08:11,121 - INFO - Employee Personal details filled successfully
2026-09-21 11:08:11,283 - INFO - Employee created successfully: Emily Johnson
2026-09-21 11:08:11,336 - INFO - Employee created successfully: Emily Johnson
2026-09-21 11:08:16,151 - INFO - Add Employee page opened for James Martinez
2026-09-21 11:08:24,339 - INFO - Employee Personal details filled successfully
2026-09-21 11:08:24,499 - INFO - Employee created successfully: James Martinez
2026-09-21 11:08:24,547 - INFO - Employee created successfully: James Martinez
2026-09-21 11:11:15,665 - INFO - Login credentials retrieved from config file
2026-09-21 11:11:18,839 - INFO - OrangeHRM application opened
2026-09-21 11:11:22,952 - INFO - Login successful
2026-09-21 11:11:22,952 - INFO - Dashboard displayed successfully
2026-09-21 11:11:28,726 - INFO - PIM page opened successfully
2026-09-21 11:11:31,740 - INFO - Employee data read from Excel. Total employees: 5
2026-09-21 11:11:32,533 - INFO - Add Employee page opened for Michael Anderson
2026-09-21 11:12:04,630 - ERROR - Employee creation failed: Michael Anderson
2026-09-21 11:12:09,434 - INFO - Add Employee page opened for Sophia Williams
2026-09-21 11:12:41,506 - ERROR - Employee creation failed: Sophia Williams
2026-09-21 11:12:46,281 - INFO - Add Employee page opened for Daniel Thompson
2026-09-21 11:13:18,868 - ERROR - Employee creation failed: Daniel Thompson
2026-09-21 11:13:23,643 - INFO - Add Employee page opened for Emily Johnson
2026-09-21 11:13:55,725 - ERROR - Employee creation failed: Emily Johnson
2026-09-21 11:14:00,632 - INFO - Add Employee page opened for James Martinez
2026-09-21 11:14:32,661 - ERROR - Employee creation failed: James Martinez
2026-09-21 11:42:44,735 - INFO - Login credentials retrieved from config file
2026-09-21 11:42:48,269 - INFO - OrangeHRM application opened
2026-09-21 11:42:53,086 - INFO - Login successful
2026-09-21 11:42:53,086 - INFO - Dashboard displayed successfully
2026-09-21 11:42:58,834 - INFO - PIM page opened successfully
2026-09-21 11:43:01,855 - INFO - Employee data read from Excel. Total employees: 5
2026-09-21 11:43:03,102 - INFO - Add Employee page opened for Michael Anderson
2026-09-21 11:43:11,254 - INFO - Employee Personal details filled successfully
2026-09-21 11:43:11,466 - INFO - Employee created successfully: Michael Anderson
2026-09-21 11:43:11,507 - INFO - Employee created successfully: Michael Anderson
2026-09-21 11:43:16,297 - INFO - Add Employee page opened for Sophia Williams
2026-09-21 11:43:25,101 - INFO - Employee Personal details filled successfully
2026-09-21 11:43:25,285 - INFO - Employee created successfully: Sophia Williams
2026-09-21 11:43:25,349 - INFO - Employee created successfully: Sophia Williams
2026-09-21 11:43:30,140 - INFO - Add Employee page opened for Daniel Thompson
2026-09-21 11:43:38,304 - ERROR - Employee creation failed: Daniel Thompson
2026-09-21 11:43:43,209 - INFO - Add Employee page opened for Emily Johnson
2026-09-21 11:43:51,391 - INFO - Employee Personal details filled successfully
2026-09-21 11:43:51,562 - INFO - Employee created successfully: Emily Johnson
2026-09-21 11:43:51,621 - INFO - Employee created successfully: Emily Johnson
2026-09-21 11:43:56,392 - INFO - Add Employee page opened for James Martinez
2026-09-21 11:44:04,620 - INFO - Employee Personal details filled successfully
2026-09-21 11:44:04,794 - INFO - Employee created successfully: James Martinez
2026-09-21 11:44:04,828 - INFO - Employee created successfully: James Martinez
2026-09-21 12:47:40,275 - INFO - Bot execution started
2026-09-21 12:47:46,564 - INFO - Login credentials retrieved from config file
2026-09-21 12:47:50,756 - INFO - OrangeHRM application opened
2026-09-21 12:47:56,879 - INFO - Login successful
2026-09-21 12:47:56,879 - INFO - Dashboard displayed successfully
2026-09-21 12:48:03,012 - INFO - PIM page opened successfully
2026-09-21 12:48:06,040 - INFO - Employee data read from Excel. Total employees: 5
2026-09-21 12:48:09,352 - INFO - Add Employee page opened for Michael Anderson
2026-09-21 12:48:19,703 - INFO - Employee Personal details filled successfully
2026-09-21 12:48:19,917 - INFO - Employee created successfully: Michael Anderson
2026-09-21 12:48:19,958 - INFO - Employee created successfully: Michael Anderson
2026-09-21 12:48:25,454 - INFO - Add Employee page opened for Sophia Williams
2026-09-21 12:48:38,054 - INFO - Employee Personal details filled successfully
2026-09-21 12:48:38,227 - INFO - Employee created successfully: Sophia Williams
2026-09-21 12:48:38,258 - INFO - Employee created successfully: Sophia Williams
2026-09-21 12:48:46,096 - INFO - Add Employee page opened for Daniel Thompson
2026-09-21 12:49:02,822 - INFO - Employee Personal details filled successfully
2026-09-21 12:49:02,998 - INFO - Employee created successfully: Daniel Thompson
2026-09-21 12:49:03,036 - INFO - Employee created successfully: Daniel Thompson
2026-09-21 12:49:10,463 - INFO - Add Employee page opened for Emily Johnson
2026-09-21 12:49:30,592 - INFO - Employee Personal details filled successfully
2026-09-21 12:49:30,753 - INFO - Employee created successfully: Emily Johnson
2026-09-21 12:49:30,794 - INFO - Employee created successfully: Emily Johnson
2026-09-21 12:49:38,238 - INFO - Add Employee page opened for James Martinez
2026-09-21 12:49:51,251 - INFO - Employee Personal details filled successfully
2026-09-21 12:49:51,429 - INFO - Employee created successfully: James Martinez
2026-09-21 12:49:51,462 - INFO - Employee created successfully: James Martinez
2026-09-21 12:49:55,920 - INFO - Browser closed successfully
2026-09-21 12:49:59,791 - INFO - Completion email sent
2026-09-21 12:49:59,791 - INFO - Bot execution completed
2026-09-21 12:53:10,764 - INFO - Bot execution started
2026-09-21 12:53:13,806 - INFO - Login credentials retrieved from config file
2026-09-21 12:53:19,012 - INFO - OrangeHRM application opened
2026-09-21 12:53:24,104 - INFO - Login successful
2026-09-21 12:53:24,105 - INFO - Dashboard displayed successfully
2026-09-21 12:53:31,278 - INFO - PIM page opened successfully
2026-09-21 12:53:34,297 - INFO - Employee data read from Excel. Total employees: 5
2026-09-21 12:53:36,077 - INFO - Add Employee page opened for Michael Anderson
2026-09-21 12:53:53,743 - INFO - Employee Personal details filled successfully
2026-09-21 12:53:53,943 - INFO - Employee created successfully: Michael Anderson
2026-09-21 12:53:53,972 - INFO - Employee created successfully: Michael Anderson
2026-09-21 12:54:01,377 - INFO - Add Employee page opened for Sophia Williams
2026-09-21 12:54:10,479 - INFO - Completion email sent
2026-09-21 12:54:10,479 - INFO - Bot execution completed
2026-09-21 12:54:17,155 - INFO - Bot execution started
2026-09-21 12:54:33,750 - INFO - Login credentials retrieved from config file
2026-09-21 12:54:37,690 - INFO - OrangeHRM application opened
2026-09-21 12:54:42,310 - INFO - Login successful
2026-09-21 12:54:42,310 - INFO - Dashboard displayed successfully
2026-09-21 12:54:50,005 - INFO - PIM page opened successfully
2026-09-21 12:54:53,039 - INFO - Employee data read from Excel. Total employees: 5
2026-09-21 12:54:54,644 - INFO - Add Employee page opened for Michael Anderson
2026-09-21 12:55:27,280 - ERROR - Employee creation failed: Michael Anderson
2026-09-21 12:55:34,036 - INFO - Add Employee page opened for Sophia Williams
2026-09-21 12:55:48,224 - INFO - Completion email sent
2026-09-21 12:55:48,225 - INFO - Bot execution completed
2026-09-21 13:10:39,402 - INFO - Bot execution started
2026-09-21 13:10:42,345 - INFO - Login credentials retrieved from config file
2026-09-21 13:10:47,210 - INFO - OrangeHRM application opened
2026-09-21 13:10:54,372 - INFO - Login successful
2026-09-21 13:10:54,372 - INFO - Dashboard displayed successfully
2026-09-21 13:11:01,976 - INFO - PIM page opened successfully
2026-09-21 13:11:05,028 - INFO - Employee data read from Excel. Total employees: 5
2026-09-21 13:11:06,935 - INFO - Add Employee page opened for Michael Anderson
2026-09-21 13:11:15,877 - INFO - Employee Personal details filled successfully
2026-09-21 13:11:16,089 - INFO - Employee created successfully: Michael Anderson
2026-09-21 13:11:16,119 - INFO - Employee created successfully: Michael Anderson
2026-09-21 13:11:21,852 - INFO - Add Employee page opened for Sophia Williams
2026-09-21 13:11:30,749 - INFO - Employee Personal details filled successfully
2026-09-21 13:11:30,936 - INFO - Employee created successfully: Sophia Williams
2026-09-21 13:11:30,975 - INFO - Employee created successfully: Sophia Williams
2026-09-21 13:11:35,779 - INFO - Add Employee page opened for Daniel Thompson
2026-09-21 13:11:44,661 - INFO - Employee Personal details filled successfully
2026-09-21 13:11:44,902 - INFO - Employee created successfully: Daniel Thompson
2026-09-21 13:11:44,941 - INFO - Employee created successfully: Daniel Thompson
2026-09-21 13:11:49,747 - INFO - Add Employee page opened for Emily Johnson
2026-09-21 13:11:58,120 - INFO - Employee Personal details filled successfully
2026-09-21 13:11:58,291 - INFO - Employee created successfully: Emily Johnson
2026-09-21 13:11:58,317 - INFO - Employee created successfully: Emily Johnson
2026-09-21 13:12:03,110 - INFO - Add Employee page opened for James Martinez
2026-09-21 13:12:12,031 - INFO - Employee Personal details filled successfully
2026-09-21 13:12:12,216 - INFO - Employee created successfully: James Martinez
2026-09-21 13:12:12,257 - INFO - Employee created successfully: James Martinez
2026-09-21 13:12:16,809 - INFO - Browser closed successfully
2026-09-21 13:12:20,379 - INFO - Completion email sent
2026-09-21 13:12:20,379 - INFO - Bot execution completed
2026-09-21 13:17:58,177 - INFO - Bot execution started
2026-09-21 13:18:04,944 - INFO - Login credentials retrieved from config file
2026-09-21 13:18:10,364 - INFO - OrangeHRM application opened
2026-09-21 13:18:14,807 - INFO - Login successful
2026-09-21 13:18:14,807 - INFO - Dashboard displayed successfully
2026-09-21 13:18:27,717 - INFO - PIM page opened successfully
2026-09-21 13:18:30,732 - INFO - Employee data read from Excel. Total employees: 5
2026-09-21 13:18:37,796 - INFO - Add Employee page opened for Michael Anderson
2026-09-21 13:19:11,501 - ERROR - Employee creation failed: Michael Anderson
2026-09-21 13:19:15,910 - ERROR - Future exception was never retrieved
future: <Future finished exception=TargetClosedError('Target page, context or browser has been closed')>
playwright._impl._errors.TargetClosedError: Target page, context or browser has been closed
2026-09-21 13:20:41,237 - INFO - Bot execution started
2026-09-21 13:23:25,492 - INFO - Bot execution started
2026-09-21 14:21:11,321 - INFO - Bot execution started
2026-09-21 14:21:13,819 - INFO - Login credentials retrieved from config file
2026-09-21 14:21:17,156 - INFO - OrangeHRM application opened
2026-09-21 14:21:20,261 - INFO - Login successful
2026-09-21 14:21:20,262 - INFO - Dashboard displayed successfully
2026-09-21 14:21:26,368 - INFO - PIM page opened successfully
2026-09-21 14:21:29,389 - INFO - Employee data read from Excel. Total employees: 5
2026-09-21 14:21:31,256 - INFO - Add Employee page opened for Michael Anderson
2026-09-21 14:21:40,880 - INFO - Employee Personal details filled successfully
2026-09-21 14:21:41,106 - INFO - Employee created successfully: Michael Anderson
2026-09-21 14:21:41,180 - INFO - Employee created successfully: Michael Anderson
2026-09-21 14:21:46,805 - INFO - Add Employee page opened for Sophia Williams
2026-09-21 14:21:55,819 - INFO - Employee Personal details filled successfully
2026-09-21 14:21:56,090 - INFO - Employee created successfully: Sophia Williams
2026-09-21 14:21:56,143 - INFO - Employee created successfully: Sophia Williams
2026-09-21 14:22:01,104 - INFO - Add Employee page opened for Daniel Thompson
2026-09-21 14:22:10,171 - INFO - Employee Personal details filled successfully
2026-09-21 14:22:10,475 - INFO - Employee created successfully: Daniel Thompson
2026-09-21 14:22:10,566 - INFO - Employee created successfully: Daniel Thompson
2026-09-21 14:22:15,874 - INFO - Add Employee page opened for Emily Johnson
2026-09-21 14:22:23,392 - INFO - Employee Personal details filled successfully
2026-09-21 14:22:23,605 - INFO - Employee created successfully: Emily Johnson
2026-09-21 14:22:23,645 - INFO - Employee created successfully: Emily Johnson
2026-09-21 14:22:28,468 - INFO - Add Employee page opened for James Martinez
2026-09-21 14:22:36,907 - INFO - Employee Personal details filled successfully
2026-09-21 14:22:37,118 - INFO - Employee created successfully: James Martinez
2026-09-21 14:22:37,170 - INFO - Employee created successfully: James Martinez
2026-09-21 14:22:41,849 - INFO - Browser closed successfully
2026-09-21 14:22:45,763 - INFO - Completion email sent
2026-09-21 14:22:45,764 - INFO - Bot execution completed
